Info: Starting: Create HDL design files for synthesis
Info: qsys-generate C:\Users\Panoramix\Documents\RISCV\AvalonMM.qsys --synthesis=VHDL --output-directory=C:\Users\Panoramix\Documents\RISCV\AvalonMM\synthesis --family="Cyclone IV E" --part=EP4CE115F29C7
Progress: Loading RISCV/AvalonMM.qsys
Progress: Reading input file
Progress: Adding clk_0 [clock_source 18.1]
Progress: Parameterizing module clk_0
Progress: Adding hex_03 [altera_up_avalon_parallel_port 18.0]
Progress: Parameterizing module hex_03
Progress: Adding hex_47 [altera_up_avalon_parallel_port 18.0]
Progress: Parameterizing module hex_47
Progress: Adding jtag_master [altera_jtag_avalon_master 18.1]
Progress: Parameterizing module jtag_master
Progress: Adding key [altera_up_avalon_parallel_port 18.0]
Progress: Parameterizing module key
Progress: Adding led_g [altera_up_avalon_parallel_port 18.0]
Progress: Parameterizing module led_g
Progress: Adding led_r [altera_up_avalon_parallel_port 18.0]
Progress: Parameterizing module led_r
Progress: Adding mm_bridge [altera_avalon_mm_bridge 18.1]
Progress: Parameterizing module mm_bridge
Progress: Adding pio_0 [altera_avalon_pio 18.1]
Progress: Parameterizing module pio_0
Progress: Adding ps2 [altera_up_avalon_ps2 18.0]
Progress: Parameterizing module ps2
Progress: Adding sdram_controller [altera_avalon_new_sdram_controller 18.1]
Progress: Parameterizing module sdram_controller
Progress: Adding sdram_pll [altera_up_avalon_sys_sdram_pll 18.0]
Progress: Parameterizing module sdram_pll
Progress: Adding switch [altera_up_avalon_parallel_port 18.0]
Progress: Parameterizing module switch
Progress: Building connections
Progress: Parameterizing connections
Progress: Validating
Progress: Done reading input file
Info: AvalonMM.hex_03: The Parallel Port is now deprecated. The PIO component (Processor and Peripherals/Peripherals/PIO) should be used instead.
Info: AvalonMM.hex_47: The Parallel Port is now deprecated. The PIO component (Processor and Peripherals/Peripherals/PIO) should be used instead.
Info: AvalonMM.key: The Parallel Port is now deprecated. The PIO component (Processor and Peripherals/Peripherals/PIO) should be used instead.
Info: AvalonMM.led_r: The Parallel Port is now deprecated. The PIO component (Processor and Peripherals/Peripherals/PIO) should be used instead.
Info: AvalonMM.sdram_controller: SDRAM Controller will only be supported in Quartus Prime Standard Edition in the future release.
Info: AvalonMM.sdram_pll: Refclk Freq: 50.0
Info: AvalonMM.switch: The Parallel Port is now deprecated. The PIO component (Processor and Peripherals/Peripherals/PIO) should be used instead.
Warning: AvalonMM.: You have exported the interface mm_bridge.s0 but not its associated clock interface.  Export the driver of mm_bridge.clk
Warning: AvalonMM.: You have exported the interface mm_bridge.s0 but not its associated reset interface.  Export the driver(s) of mm_bridge.reset
Info: AvalonMM: Generating AvalonMM "AvalonMM" for QUARTUS_SYNTH
Info: Inserting clock-crossing logic between cmd_demux.src0 and cmd_mux.sink0
Info: Inserting clock-crossing logic between cmd_demux.src1 and cmd_mux_001.sink0
Info: Inserting clock-crossing logic between cmd_demux.src2 and cmd_mux_002.sink0
Info: Inserting clock-crossing logic between cmd_demux.src3 and cmd_mux_003.sink0
Info: Inserting clock-crossing logic between cmd_demux.src4 and cmd_mux_004.sink0
Info: Inserting clock-crossing logic between cmd_demux.src6 and cmd_mux_006.sink0
Info: Inserting clock-crossing logic between cmd_demux_001.src0 and cmd_mux.sink1
Info: Inserting clock-crossing logic between cmd_demux_001.src1 and cmd_mux_001.sink1
Info: Inserting clock-crossing logic between cmd_demux_001.src2 and cmd_mux_002.sink1
Info: Inserting clock-crossing logic between cmd_demux_001.src3 and cmd_mux_003.sink1
Info: Inserting clock-crossing logic between cmd_demux_001.src4 and cmd_mux_004.sink1
Info: Inserting clock-crossing logic between cmd_demux_001.src6 and cmd_mux_006.sink1
Info: Inserting clock-crossing logic between rsp_demux.src0 and rsp_mux.sink0
Info: Inserting clock-crossing logic between rsp_demux.src1 and rsp_mux_001.sink0
Info: Inserting clock-crossing logic between rsp_demux_001.src0 and rsp_mux.sink1
Info: Inserting clock-crossing logic between rsp_demux_001.src1 and rsp_mux_001.sink1
Info: Inserting clock-crossing logic between rsp_demux_002.src0 and rsp_mux.sink2
Info: Inserting clock-crossing logic between rsp_demux_002.src1 and rsp_mux_001.sink2
Info: Inserting clock-crossing logic between rsp_demux_003.src0 and rsp_mux.sink3
Info: Inserting clock-crossing logic between rsp_demux_003.src1 and rsp_mux_001.sink3
Info: Inserting clock-crossing logic between rsp_demux_004.src0 and rsp_mux.sink4
Info: Inserting clock-crossing logic between rsp_demux_004.src1 and rsp_mux_001.sink4
Info: Inserting clock-crossing logic between rsp_demux_006.src0 and rsp_mux.sink6
Info: Inserting clock-crossing logic between rsp_demux_006.src1 and rsp_mux_001.sink6
Info: hex_03: Starting Generation of Parallel Port
Info: hex_03: "AvalonMM" instantiated altera_up_avalon_parallel_port "hex_03"
Info: hex_47: Starting Generation of Parallel Port
Info: hex_47: "AvalonMM" instantiated altera_up_avalon_parallel_port "hex_47"
Info: jtag_master: "AvalonMM" instantiated altera_jtag_avalon_master "jtag_master"
Info: key: Starting Generation of Parallel Port
Info: key: "AvalonMM" instantiated altera_up_avalon_parallel_port "key"
Info: led_r: Starting Generation of Parallel Port
Info: led_r: "AvalonMM" instantiated altera_up_avalon_parallel_port "led_r"
Info: mm_bridge: "AvalonMM" instantiated altera_avalon_mm_bridge "mm_bridge"
Info: pio_0: Starting RTL generation for module 'AvalonMM_pio_0'
Info: pio_0:   Generation command is [exec D:/intelfpga/18.1/quartus/bin64/perl/bin/perl.exe -I D:/intelfpga/18.1/quartus/bin64/perl/lib -I D:/intelfpga/18.1/quartus/sopc_builder/bin/europa -I D:/intelfpga/18.1/quartus/sopc_builder/bin/perl_lib -I D:/intelfpga/18.1/quartus/sopc_builder/bin -I D:/intelfpga/18.1/quartus/../ip/altera/sopc_builder_ip/common -I D:/intelfpga/18.1/quartus/../ip/altera/sopc_builder_ip/altera_avalon_pio -- D:/intelfpga/18.1/quartus/../ip/altera/sopc_builder_ip/altera_avalon_pio/generate_rtl.pl --name=AvalonMM_pio_0 --dir=C:/Users/PANORA~1/AppData/Local/Temp/alt8011_2120203555398740472.dir/0007_pio_0_gen/ --quartus_dir=D:/intelfpga/18.1/quartus --verilog --config=C:/Users/PANORA~1/AppData/Local/Temp/alt8011_2120203555398740472.dir/0007_pio_0_gen//AvalonMM_pio_0_component_configuration.pl  --do_build_sim=0  ]
Info: pio_0: Done RTL generation for module 'AvalonMM_pio_0'
Info: pio_0: "AvalonMM" instantiated altera_avalon_pio "pio_0"
Info: sdram_controller: Starting RTL generation for module 'AvalonMM_sdram_controller'
Info: sdram_controller:   Generation command is [exec D:/intelfpga/18.1/quartus/bin64/perl/bin/perl.exe -I D:/intelfpga/18.1/quartus/bin64/perl/lib -I D:/intelfpga/18.1/quartus/sopc_builder/bin/europa -I D:/intelfpga/18.1/quartus/sopc_builder/bin/perl_lib -I D:/intelfpga/18.1/quartus/sopc_builder/bin -I D:/intelfpga/18.1/quartus/../ip/altera/sopc_builder_ip/common -I D:/intelfpga/18.1/quartus/../ip/altera/sopc_builder_ip/altera_avalon_new_sdram_controller -- D:/intelfpga/18.1/quartus/../ip/altera/sopc_builder_ip/altera_avalon_new_sdram_controller/generate_rtl.pl --name=AvalonMM_sdram_controller --dir=C:/Users/PANORA~1/AppData/Local/Temp/alt8011_2120203555398740472.dir/0008_sdram_controller_gen/ --quartus_dir=D:/intelfpga/18.1/quartus --verilog --config=C:/Users/PANORA~1/AppData/Local/Temp/alt8011_2120203555398740472.dir/0008_sdram_controller_gen//AvalonMM_sdram_controller_component_configuration.pl  --do_build_sim=0  ]
Info: sdram_controller: Done RTL generation for module 'AvalonMM_sdram_controller'
Info: sdram_controller: "AvalonMM" instantiated altera_avalon_new_sdram_controller "sdram_controller"
Info: sdram_pll: "AvalonMM" instantiated altera_up_avalon_sys_sdram_pll "sdram_pll"
Info: switch: Starting Generation of Parallel Port
Info: switch: "AvalonMM" instantiated altera_up_avalon_parallel_port "switch"
Info: avalon_st_adapter: Inserting error_adapter: error_adapter_0
Info: avalon_st_adapter_001: Inserting error_adapter: error_adapter_0
Info: avalon_st_adapter_002: Inserting error_adapter: error_adapter_0
Info: avalon_st_adapter_003: Inserting error_adapter: error_adapter_0
Info: avalon_st_adapter_004: Inserting error_adapter: error_adapter_0
Info: avalon_st_adapter_005: Inserting error_adapter: error_adapter_0
Info: avalon_st_adapter_006: Inserting error_adapter: error_adapter_0
Info: mm_interconnect_0: "AvalonMM" instantiated altera_mm_interconnect "mm_interconnect_0"
Info: rst_controller: "AvalonMM" instantiated altera_reset_controller "rst_controller"
Info: jtag_phy_embedded_in_jtag_master: "jtag_master" instantiated altera_jtag_dc_streaming "jtag_phy_embedded_in_jtag_master"
Info: timing_adt: "jtag_master" instantiated timing_adapter "timing_adt"
Info: fifo: "jtag_master" instantiated altera_avalon_sc_fifo "fifo"
Info: b2p: "jtag_master" instantiated altera_avalon_st_bytes_to_packets "b2p"
Info: p2b: "jtag_master" instantiated altera_avalon_st_packets_to_bytes "p2b"
Info: transacto: "jtag_master" instantiated altera_avalon_packets_to_master "transacto"
Info: b2p_adapter: "jtag_master" instantiated channel_adapter "b2p_adapter"
Info: p2b_adapter: "jtag_master" instantiated channel_adapter "p2b_adapter"
Info: sys_pll: "sdram_pll" instantiated altera_up_altpll "sys_pll"
Info: reset_from_locked: "sdram_pll" instantiated altera_up_avalon_reset_from_locked_signal "reset_from_locked"
Info: mm_bridge_m0_translator: "mm_interconnect_0" instantiated altera_merlin_master_translator "mm_bridge_m0_translator"
Info: led_r_avalon_parallel_port_slave_translator: "mm_interconnect_0" instantiated altera_merlin_slave_translator "led_r_avalon_parallel_port_slave_translator"
Info: mm_bridge_m0_agent: "mm_interconnect_0" instantiated altera_merlin_master_agent "mm_bridge_m0_agent"
Info: led_r_avalon_parallel_port_slave_agent: "mm_interconnect_0" instantiated altera_merlin_slave_agent "led_r_avalon_parallel_port_slave_agent"
Info: router: "mm_interconnect_0" instantiated altera_merlin_router "router"
Info: router_002: "mm_interconnect_0" instantiated altera_merlin_router "router_002"
Info: mm_bridge_m0_limiter: "mm_interconnect_0" instantiated altera_merlin_traffic_limiter "mm_bridge_m0_limiter"
Info: Reusing file C:/Users/Panoramix/Documents/RISCV/AvalonMM/synthesis/submodules/altera_avalon_sc_fifo.v
Info: Reusing file C:/Users/Panoramix/Documents/RISCV/AvalonMM/synthesis/submodules/altera_avalon_st_pipeline_base.v
Info: cmd_demux: "mm_interconnect_0" instantiated altera_merlin_demultiplexer "cmd_demux"
Info: cmd_mux: "mm_interconnect_0" instantiated altera_merlin_multiplexer "cmd_mux"
Info: rsp_demux: "mm_interconnect_0" instantiated altera_merlin_demultiplexer "rsp_demux"
Info: rsp_mux: "mm_interconnect_0" instantiated altera_merlin_multiplexer "rsp_mux"
Info: Reusing file C:/Users/Panoramix/Documents/RISCV/AvalonMM/synthesis/submodules/altera_merlin_arbitrator.sv
Info: crosser: "mm_interconnect_0" instantiated altera_avalon_st_handshake_clock_crosser "crosser"
Info: Reusing file C:/Users/Panoramix/Documents/RISCV/AvalonMM/synthesis/submodules/altera_avalon_st_clock_crosser.v
Info: Reusing file C:/Users/Panoramix/Documents/RISCV/AvalonMM/synthesis/submodules/altera_avalon_st_pipeline_base.v
Info: Reusing file C:/Users/Panoramix/Documents/RISCV/AvalonMM/synthesis/submodules/altera_std_synchronizer_nocut.v
Info: avalon_st_adapter: "mm_interconnect_0" instantiated altera_avalon_st_adapter "avalon_st_adapter"
Info: error_adapter_0: "avalon_st_adapter" instantiated error_adapter "error_adapter_0"
Info: AvalonMM: Done "AvalonMM" with 37 modules, 53 files
Info: qsys-generate succeeded.
Info: Finished: Create HDL design files for synthesis
